PS C:\Users\deepu\OneDrive\Desktop\Kawai\KawaiCraft> npm run dev
npm : File C:\Program Files\nodejs\npm.ps1 cannot be loaded because running scripts is disabled on this system. For more information, see 
about_Execution_Policies at https:/go.microsoft.com/fwlink/?LinkID=135170.
At line:1 char:1
+ npm run dev
+ ~~~
    + CategoryInfo          : SecurityError: (:) [], PSSecurityException
    + FullyQualifiedErrorId : UnauthorizedAccess
PS C:\Users\deepu\OneDrive\Desktop\Kawai\KawaiCraft> npm install

up to date, audited 479 packages in 5s

63 packages are looking for funding
  run `npm fund` for details

8 vulnerabilities (3 low, 5 moderate)

To address issues that do not require attention, run:
  npm audit fix

To address all issues (including breaking changes), run:
  npm audit fix --force

Run `npm audit` for details.
PS C:\Users\deepu\OneDrive\Desktop\Kawai\KawaiCraft> npm run dev

> rest-express@1.0.0 dev
> NODE_ENV=development tsx server/index.ts

'NODE_ENV' is not recognized as an internal or external command,
operable program or batch file.
PS C:\Users\deepu\OneDrive\Desktop\Kawai\KawaiCraft> "dev": "$env:NODE_ENV='development'; tsx server/index.ts"
At line:1 char:6
+ "dev": "$env:NODE_ENV='development'; tsx server/index.ts"
+      ~
Unexpected token ':' in expression or statement.
    + CategoryInfo          : ParserError: (:) [], ParentContainsErrorRecordException
    + FullyQualifiedErrorId : UnexpectedToken

PS C:\Users\deepu\OneDrive\Desktop\Kawai\KawaiCraft> "dev": "$env:NODE_ENV='development'; tsx server/index.ts"
At line:1 char:6
+ "dev": "$env:NODE_ENV='development'; tsx server/index.ts"
+      ~
Unexpected token ':' in expression or statement.
    + CategoryInfo          : ParserError: (:) [], ParentContainsErrorRecordException
    + FullyQualifiedErrorId : UnexpectedToken

PS C:\Users\deepu\OneDrive\Desktop\Kawai\KawaiCraft> npm install --save-dev cross-env

added 2 packages, and audited 481 packages in 4s

63 packages are looking for funding
  run `npm fund` for details

8 vulnerabilities (3 low, 5 moderate)

To address issues that do not require attention, run:
  npm audit fix

To address all issues (including breaking changes), run:
  npm audit fix --force

Run `npm audit` for details.
PS C:\Users\deepu\OneDrive\Desktop\Kawai\KawaiCraft> npm run dev

> rest-express@1.0.0 dev
> cross-env NODE_ENV=development tsx server/index.ts

node:events:497
      throw er; // Unhandled 'error' event
      ^

Error: listen ENOTSUP: operation not supported on socket 0.0.0.0:5000
    at Server.setupListenHandle [as _listen2] (node:net:1918:21)
    at listenInCluster (node:net:1997:12)
    at node:net:2206:7
    at process.processTicksAndRejections (node:internal/process/task_queues:90:21)
Emitted 'error' event on Server instance at:
    at emitErrorNT (node:net:1976:8)
    at process.processTicksAndRejections (node:internal/process/task_queues:90:21) {
  code: 'ENOTSUP',
  errno: -4049,
  syscall: 'listen',
  address: '0.0.0.0',
  port: 5000
}

Node.js v22.19.0